NAMESPACE            NAME                                             READY   STATUS    RESTARTS   AGE
ingress-nginx        pod/ingress-nginx-controller-7fbf5b4d96-dfkxq    1/1     Running   0          32m
kube-system          pod/coredns-7d764666f9-jklc6                     1/1     Running   0          33m
kube-system          pod/coredns-7d764666f9-rwb7t                     1/1     Running   0          33m
kube-system          pod/etcd-kind-control-plane                      1/1     Running   0          33m
kube-system          pod/kindnet-bsngq                                1/1     Running   0          33m
kube-system          pod/kindnet-d7r26                                1/1     Running   0          33m
kube-system          pod/kindnet-n4c9d                                1/1     Running   0          33m
kube-system          pod/kindnet-wxwrw                                1/1     Running   0          33m
kube-system          pod/kindnet-x765j                                1/1     Running   0          33m
kube-system          pod/kindnet-xdzcj                                1/1     Running   0          33m
kube-system          pod/kindnet-xk47r                                1/1     Running   0          33m
kube-system          pod/kube-apiserver-kind-control-plane            1/1     Running   0          33m
kube-system          pod/kube-controller-manager-kind-control-plane   1/1     Running   0          33m
kube-system          pod/kube-proxy-5nj9p                             1/1     Running   0          33m
kube-system          pod/kube-proxy-7tdjx                             1/1     Running   0          33m
kube-system          pod/kube-proxy-btjg5                             1/1     Running   0          33m
kube-system          pod/kube-proxy-gqk7q                             1/1     Running   0          33m
kube-system          pod/kube-proxy-pfn7g                             1/1     Running   0          33m
kube-system          pod/kube-proxy-xlz9c                             1/1     Running   0          33m
kube-system          pod/kube-proxy-xrclv                             1/1     Running   0          33m
kube-system          pod/kube-scheduler-kind-control-plane            1/1     Running   0          33m
kube-system          pod/metrics-server-6496dd7477-6w76q              1/1     Running   0          16m
local-path-storage   pod/local-path-provisioner-67b8995b4b-4ctrv      1/1     Running   0          33m
mysql                pod/mysql-0                                      1/1     Running   0          32m
mysql                pod/mysql-1                                      1/1     Running   0          31m
todoapp              pod/todoapp-todoapp-8c7755b44-fr6nc              1/1     Running   0          32m
todoapp              pod/todoapp-todoapp-8c7755b44-gl6tb              1/1     Running   0          3m15s

NAMESPACE       NAME                                         TYPE           CLUSTER-IP      EXTERNAL-IP   PORT(S)                      AGE
default         service/kubernetes                           ClusterIP      10.96.0.1       <none>        443/TCP                      33m
ingress-nginx   service/ingress-nginx-controller             LoadBalancer   10.96.204.37    <pending>     80:31109/TCP,443:32269/TCP   32m
ingress-nginx   service/ingress-nginx-controller-admission   ClusterIP      10.96.224.193   <none>        443/TCP                      32m
kube-system     service/kube-dns                             ClusterIP      10.96.0.10      <none>        53/UDP,53/TCP,9153/TCP       33m
kube-system     service/metrics-server                       ClusterIP      10.96.152.20    <none>        443/TCP                      27m
mysql           service/mysql                                ClusterIP      None            <none>        3306/TCP                     32m
todoapp         service/todoapp-nodeport                     NodePort       10.96.221.155   <none>        80:30007/TCP                 32m
todoapp         service/todoapp-service                      ClusterIP      10.96.162.71    <none>        80/TCP                       32m

NAMESPACE     NAME                        DESIRED   CURRENT   READY   UP-TO-DATE   AVAILABLE   NODE SELECTOR            AGE
kube-system   daemonset.apps/kindnet      7         7         7       7            7           kubernetes.io/os=linux   33m
kube-system   daemonset.apps/kube-proxy   7         7         7       7            7           kubernetes.io/os=linux   33m

NAMESPACE            NAME                                       READY   UP-TO-DATE   AVAILABLE   AGE
ingress-nginx        deployment.apps/ingress-nginx-controller   1/1     1            1           32m
kube-system          deployment.apps/coredns                    2/2     2            2           33m
kube-system          deployment.apps/metrics-server             1/1     1            1           27m
local-path-storage   deployment.apps/local-path-provisioner     1/1     1            1           33m
todoapp              deployment.apps/todoapp-todoapp            2/2     2            2           32m

NAMESPACE            NAME                                                  DESIRED   CURRENT   READY   AGE
ingress-nginx        replicaset.apps/ingress-nginx-controller-7fbf5b4d96   1         1         1       32m
kube-system          replicaset.apps/coredns-7d764666f9                    2         2         2       33m
kube-system          replicaset.apps/metrics-server-6496dd7477             1         1         1       16m
kube-system          replicaset.apps/metrics-server-799b9cbb8c             0         0         0       27m
local-path-storage   replicaset.apps/local-path-provisioner-67b8995b4b     1         1         1       33m
todoapp              replicaset.apps/todoapp-todoapp-8c7755b44             2         2         2       32m

NAMESPACE   NAME                     READY   AGE
mysql       statefulset.apps/mysql   2/2     32m

NAMESPACE   NAME                                                  REFERENCE                    TARGETS                                     MINPODS   MAXPODS   REPLICAS   AGE
todoapp     horizontalpodautoscaler.autoscaling/todoapp           Deployment/todoapp           cpu: <unknown>/70%, memory: <unknown>/70%   2         5         0          13m
todoapp     horizontalpodautoscaler.autoscaling/todoapp-todoapp   Deployment/todoapp-todoapp   cpu: 12%/70%, memory: 28%/70%               2         5         2          3m30s

NAMESPACE            NAME                                                             DATA   AGE
default              configmap/kube-root-ca.crt                                       1      33m
ingress-nginx        configmap/ingress-nginx-controller                               0      32m
ingress-nginx        configmap/kube-root-ca.crt                                       1      32m
kube-node-lease      configmap/kube-root-ca.crt                                       1      33m
kube-public          configmap/cluster-info                                           2      33m
kube-public          configmap/kube-root-ca.crt                                       1      33m
kube-system          configmap/coredns                                                1      33m
kube-system          configmap/extension-apiserver-authentication                     6      33m
kube-system          configmap/kube-apiserver-legacy-service-account-token-tracking   1      33m
kube-system          configmap/kube-proxy                                             2      33m
kube-system          configmap/kube-root-ca.crt                                       1      33m
kube-system          configmap/kubeadm-config                                         1      33m
kube-system          configmap/kubelet-config                                         1      33m
local-path-storage   configmap/kube-root-ca.crt                                       1      33m
local-path-storage   configmap/local-path-config                                      4      33m
mysql                configmap/kube-root-ca.crt                                       1      32m
mysql                configmap/mysql                                                  1      32m
todoapp              configmap/kube-root-ca.crt                                       1      32m
todoapp              configmap/todoapp-app-config                                     1      32m

NAMESPACE       NAME                                   TYPE                            DATA   AGE
default         secret/sh.helm.release.v1.todoapp.v1   helm.sh/release.v1              1      32m
default         secret/sh.helm.release.v1.todoapp.v2   helm.sh/release.v1              1      3m30s
ingress-nginx   secret/ingress-nginx-admission         Opaque                          3      31m
kube-system     secret/bootstrap-token-abcdef          bootstrap.kubernetes.io/token   6      33m
mysql           secret/mysql-secrets                   Opaque                          3      32m
todoapp         secret/todoapp-app-secret              Opaque                          5      32m

NAMESPACE   NAME                                        CLASS    HOSTS   ADDRESS     PORTS   AGE
todoapp     ingress.networking.k8s.io/todoapp-ingress   <none>   *       localhost   80      32m
